SH SERIES C/C++ Compiler (Ver. checker(2003.03.17))                                              11-May-2005 16:19:57  PAGE    1

************ OBJECT LISTING ************

FILE NAME: dad1int.c

SCT OFFSET   CODE       C LABEL     INSTRUCTION OPERAND    COMMENT

P   00000000              _dadc1_int_hdr:                  ; function: dadc1_int_hdr
                                                           ; frame size=4
    00000000 4F22                   STS.L       PR,@-R15
    00000002 D604                   MOV.L       L12,R6     ; _dadi_tsk
    00000004 5263                   MOV.L       @(12,R6),R2
    00000006 6423                   MOV         R2,R4
    00000008 D303                   MOV.L       L12+4,R3   ; _WUP_TSK
    0000000A 430B                   JSR         @R3
    0000000C 0009                   NOP
    0000000E 4F26                   LDS.L       @R15+,PR
    00000010 000B                   RTS
    00000012 0009                   NOP
    00000014              L12:
    00000014 <00000000>             .DATA.L     _dadi_tsk
    00000018 <00000000>             .DATA.L     _WUP_TSK
SH SERIES C/C++ Compiler (Ver. checker(2003.03.17))                                              11-May-2005 16:19:57  PAGE    1


******** STATISTICS INFORMATION ********


********** ERROR INFORMATION ***********

NUMBER OF ERRORS:           0
NUMBER OF WARNINGS:         0
NUMBER OF INFORMATIONS:     0



******* SOURCE LINE INFORMATION ********

COMPILED SOURCE LINE:       41



******* SECTION SIZE INFORMATION *******

PROGRAM  SECTION (P):                               0000001C Byte(s)
CONSTANT SECTION (C):                               00000000 Byte(s)
DATA     SECTION (D):                               00000000 Byte(s)
BSS      SECTION (B):                               00000000 Byte(s)

TOTAL PROGRAM  SECTION: 0000001C Byte(s)
TOTAL CONSTANT SECTION: 00000000 Byte(s)
TOTAL DATA     SECTION: 00000000 Byte(s)
TOTAL BSS      SECTION: 00000000 Byte(s)

    TOTAL PROGRAM SIZE: 0000001C Byte(s)



********** LABEL INFORMATION ***********

NUMBER OF EXTERNAL REFERENCE SYMBOLS:            2
NUMBER OF EXTERNAL DEFINITION SYMBOLS:           1
NUMBER OF INTERNAL/EXTERNAL SYMBOLS:             4
*** COMMAND PARAMETER ***


  -cpu=sh3 -op=0 -en=big -me -debug -comment=nest -l -def=DEBUG,MAS_P5561,MAS_BIG_ENDIAN -i=P:\PRESTO2\SHINC,C:\usr\local\SH\7_1_1\include,P:\PRESTO2\NORTI_12\inc dad1int.c 

