SH SERIES C/C++ Compiler (Ver. checker(2003.03.17))                                              10-Feb-2005 16:50:23  PAGE    1

************ OBJECT LISTING ************

FILE NAME: rzr088.c

SCT OFFSET   CODE       C LABEL     INSTRUCTION OPERAND    COMMENT

P   00000000              _rz_print_plc_data:              ; function: rz_print_plc_data
                                                           ; frame size=20
    00000000 2FC6                   MOV.L       R12,@-R15
    00000002 2FD6                   MOV.L       R13,@-R15
    00000004 2FE6                   MOV.L       R14,@-R15
    00000006 4F22                   STS.L       PR,@-R15
    00000008 7FFC                   ADD         #-4,R15
    0000000A 6C53                   MOV         R5,R12
    0000000C 6D43                   MOV         R4,R13
    0000000E EE00                   MOV         #0,R14     ; H'00000000
    00000010 E319                   MOV         #25,R3     ; H'00000019
    00000012 3E33                   CMP/GE      R3,R14
    00000014 8911                   BT          L11
    00000016              L12:
    00000016 66E3                   MOV         R14,R6
    00000018 6263                   MOV         R6,R2
    0000001A 4208                   SHLL2       R2
    0000001C 6023                   MOV         R2,R0
    0000001E 04CE                   MOV.L       @(R0,R12),R4
    00000020 62E3                   MOV         R14,R2
    00000022 4208                   SHLL2       R2
    00000024 65D3                   MOV         R13,R5
    00000026 7505                   ADD         #5,R5
    00000028 352C                   ADD         R2,R5
    0000002A 644D                   EXTU.W      R4,R4
    0000002C D30C                   MOV.L       L14,R3     ; _itoh
    0000002E 430B                   JSR         @R3
    00000030 0009                   NOP
    00000032 7E01                   ADD         #1,R14
    00000034 E319                   MOV         #25,R3     ; H'00000019
    00000036 3E33                   CMP/GE      R3,R14
    00000038 8BED                   BF          L12
    0000003A              L11:
    0000003A E064                   MOV         #100,R0    ; H'00000064
    0000003C 02CE                   MOV.L       @(R0,R12),R2
    0000003E 6423                   MOV         R2,R4
    00000040 65D3                   MOV         R13,R5
    00000042 7569                   ADD         #105,R5
    00000044 644D                   EXTU.W      R4,R4
    00000046 D306                   MOV.L       L14,R3     ; _itoh
    00000048 430B                   JSR         @R3
    0000004A 0009                   NOP
    0000004C 7D6D                   ADD         #109,R13
    0000004E 62D3                   MOV         R13,R2
    00000050 6023                   MOV         R2,R0
    00000052 7F04                   ADD         #4,R15
    00000054 4F26                   LDS.L       @R15+,PR
    00000056 6EF6                   MOV.L       @R15+,R14
    00000058 6DF6                   MOV.L       @R15+,R13
    0000005A 6CF6                   MOV.L       @R15+,R12
    0000005C 000B                   RTS
    0000005E 0009                   NOP
    00000060              L14:
    00000060 <00000000>             .DATA.L     _itoh
SH SERIES C/C++ Compiler (Ver. checker(2003.03.17))                                              10-Feb-2005 16:50:23  PAGE    1


******** STATISTICS INFORMATION ********


********** ERROR INFORMATION ***********

NUMBER OF ERRORS:           0
NUMBER OF WARNINGS:         0
NUMBER OF INFORMATIONS:     0



******* SOURCE LINE INFORMATION ********

COMPILED SOURCE LINE:       59



******* SECTION SIZE INFORMATION *******

PROGRAM  SECTION (P):                               00000064 Byte(s)
CONSTANT SECTION (C):                               00000000 Byte(s)
DATA     SECTION (D):                               00000000 Byte(s)
BSS      SECTION (B):                               00000000 Byte(s)

TOTAL PROGRAM  SECTION: 00000064 Byte(s)
TOTAL CONSTANT SECTION: 00000000 Byte(s)
TOTAL DATA     SECTION: 00000000 Byte(s)
TOTAL BSS      SECTION: 00000000 Byte(s)

    TOTAL PROGRAM SIZE: 00000064 Byte(s)



********** LABEL INFORMATION ***********

NUMBER OF EXTERNAL REFERENCE SYMBOLS:            1
NUMBER OF EXTERNAL DEFINITION SYMBOLS:           1
NUMBER OF INTERNAL/EXTERNAL SYMBOLS:             5
*** COMMAND PARAMETER ***


  -cpu=sh3 -op=0 -en=big -me -debug -comment=nest -l -def=DEBUG -i=P:\PRESTO2\SHINC,C:\usr\local\SH\7_1_1\include,P:\PRESTO2\NORTI_12\inc rzr088.c 

