SH SERIES C/C++ Compiler (Ver. checker(2003.03.17))                                              10-Feb-2005 16:50:01  PAGE    1

************ OBJECT LISTING ************

FILE NAME: rzr112.c

SCT OFFSET   CODE       C LABEL     INSTRUCTION OPERAND    COMMENT

P   00000000              _rz_print_approval:              ; function: rz_print_approval
                                                           ; frame size=12
    00000000 2FD6                   MOV.L       R13,@-R15
    00000002 2FE6                   MOV.L       R14,@-R15
    00000004 4F22                   STS.L       PR,@-R15
    00000006 6D53                   MOV         R5,R13
    00000008 6E43                   MOV         R4,R14
    0000000A 62D2                   MOV.L       @R13,R2
    0000000C E309                   MOV         #9,R3      ; H'00000009
    0000000E 3237                   CMP/GT      R3,R2
    00000010 8B03                   BF          L12
    00000012 62D2                   MOV.L       @R13,R2
    00000014 7237                   ADD         #55,R2
    00000016 A002                   BRA         L13
    00000018 0009                   NOP
    0000001A              L12:
    0000001A 62D2                   MOV.L       @R13,R2
    0000001C 7230                   ADD         #48,R2
    0000001E              L13:
    0000001E 6023                   MOV         R2,R0
    00000020 80E4                   MOV.B       R0,@(4,R14)
    00000022 52D1                   MOV.L       @(4,R13),R2
    00000024 E309                   MOV         #9,R3      ; H'00000009
    00000026 3237                   CMP/GT      R3,R2
    00000028 8B03                   BF          L15
    0000002A 52D1                   MOV.L       @(4,R13),R2
    0000002C 7237                   ADD         #55,R2
    0000002E A002                   BRA         L16
    00000030 0009                   NOP
    00000032              L15:
    00000032 52D1                   MOV.L       @(4,R13),R2
    00000034 7230                   ADD         #48,R2
    00000036              L16:
    00000036 6023                   MOV         R2,R0
    00000038 80E5                   MOV.B       R0,@(5,R14)
    0000003A 85D4                   MOV.W       @(8,R13),R0
    0000003C 6403                   MOV         R0,R4
    0000003E 65E3                   MOV         R14,R5
    00000040 7506                   ADD         #6,R5
    00000042 644D                   EXTU.W      R4,R4
    00000044 D309                   MOV.L       L18+2,R3   ; _itoh
    00000046 430B                   JSR         @R3
    00000048 0009                   NOP
    0000004A 85D5                   MOV.W       @(10,R13),R0
    0000004C 6203                   MOV         R0,R2
    0000004E 65E3                   MOV         R14,R5
    00000050 750A                   ADD         #10,R5
    00000052 642D                   EXTU.W      R2,R4
    00000054 D305                   MOV.L       L18+2,R3   ; _itoh
    00000056 430B                   JSR         @R3
    00000058 0009                   NOP
    0000005A 7E0E                   ADD         #14,R14
    0000005C 62E3                   MOV         R14,R2
    0000005E 6023                   MOV         R2,R0
    00000060 4F26                   LDS.L       @R15+,PR
    00000062 6EF6                   MOV.L       @R15+,R14
    00000064 6DF6                   MOV.L       @R15+,R13
    00000066 000B                   RTS
    00000068 0009                   NOP
    0000006A              L18:
    0000006A 00000002               .RES.W      1
    0000006C <00000000>             .DATA.L     _itoh
SH SERIES C/C++ Compiler (Ver. checker(2003.03.17))                                              10-Feb-2005 16:50:01  PAGE    1


******** STATISTICS INFORMATION ********


********** ERROR INFORMATION ***********

NUMBER OF ERRORS:           0
NUMBER OF WARNINGS:         0
NUMBER OF INFORMATIONS:     0



******* SOURCE LINE INFORMATION ********

COMPILED SOURCE LINE:       57



******* SECTION SIZE INFORMATION *******

PROGRAM  SECTION (P):                               00000070 Byte(s)
CONSTANT SECTION (C):                               00000000 Byte(s)
DATA     SECTION (D):                               00000000 Byte(s)
BSS      SECTION (B):                               00000000 Byte(s)

TOTAL PROGRAM  SECTION: 00000070 Byte(s)
TOTAL CONSTANT SECTION: 00000000 Byte(s)
TOTAL DATA     SECTION: 00000000 Byte(s)
TOTAL BSS      SECTION: 00000000 Byte(s)

    TOTAL PROGRAM SIZE: 00000070 Byte(s)



********** LABEL INFORMATION ***********

NUMBER OF EXTERNAL REFERENCE SYMBOLS:            1
NUMBER OF EXTERNAL DEFINITION SYMBOLS:           1
NUMBER OF INTERNAL/EXTERNAL SYMBOLS:             7
*** COMMAND PARAMETER ***


  -cpu=sh3 -op=0 -en=big -me -debug -comment=nest -l -def=DEBUG -i=P:\PRESTO2\SHINC,C:\usr\local\SH\7_1_1\include,P:\PRESTO2\NORTI_12\inc rzr112.c 

