SH SERIES C/C++ Compiler (Ver. checker(2003.03.17))                                              10-Nov-2011 18:53:49  PAGE    1

************ OBJECT LISTING ************

FILE NAME: dadafv.c

SCT OFFSET   CODE       C LABEL     INSTRUCTION OPERAND    COMMENT

P   00000000              _dad_afv_config:                 ; function: dad_afv_config
                                                           ; frame size=24
    00000000 2FE6                   MOV.L       R14,@-R15
    00000002 4F22                   STS.L       PR,@-R15
    00000004 7FF0                   ADD         #-16,R15
    00000006 6253                   MOV         R5,R2
    00000008 6E43                   MOV         R4,R14
    0000000A E300                   MOV         #0,R3      ; H'00000000
    0000000C 1F33                   MOV.L       R3,@(12,R15)
    0000000E E305                   MOV         #5,R3      ; H'00000005
    00000010 2F31                   MOV.W       R3,@R15
    00000012 6323                   MOV         R2,R3
    00000014 6033                   MOV         R3,R0
    00000016 81F1                   MOV.W       R0,@(2,R15)
    00000018 6363                   MOV         R6,R3
    0000001A 1F31                   MOV.L       R3,@(4,R15)
    0000001C E300                   MOV         #0,R3      ; H'00000000
    0000001E 6033                   MOV         R3,R0
    00000020 81F4                   MOV.W       R0,@(8,R15)
    00000022 E300                   MOV         #0,R3      ; H'00000000
    00000024 6033                   MOV         R3,R0
    00000026 81F5                   MOV.W       R0,@(10,R15)
    00000028 64F3                   MOV         R15,R4
    0000002A B0A7                   BSR         __$chg_ul_bef_write
    0000002C 0009                   NOP
    0000002E E70C                   MOV         #12,R7     ; H'0000000C
    00000030 65F3                   MOV         R15,R5
    00000032 750C                   ADD         #12,R5
    00000034 66F3                   MOV         R15,R6
    00000036 64E3                   MOV         R14,R4
    00000038 677F                   EXTS.W      R7,R7
    0000003A D3BE                   MOV.L       L42+2,R3   ; _dad_dpm_write
    0000003C 430B                   JSR         @R3
    0000003E 0009                   NOP
    00000040 6203                   MOV         R0,R2
    00000042 4211                   CMP/PZ      R2
    00000044 8B02                   BF          L12
    00000046 53F3                   MOV.L       @(12,R15),R3
    00000048 4311                   CMP/PZ      R3
    0000004A 8902                   BT          L13
    0000004C              L12:
    0000004C E2FF                   MOV         #-1,R2     ; H'FFFFFFFF
    0000004E A001                   BRA         L14
    00000050 0009                   NOP
    00000052              L13:
    00000052 E200                   MOV         #0,R2      ; H'00000000
    00000054              L14:
    00000054 6023                   MOV         R2,R0
    00000056 7F10                   ADD         #16,R15
    00000058 4F26                   LDS.L       @R15+,PR
    0000005A 6EF6                   MOV.L       @R15+,R14
    0000005C 000B                   RTS
    0000005E 0009                   NOP
    00000060              _dad_afv_adjust:                 ; function: dad_afv_adjust
                                                           ; frame size=60
    00000060 2FC6                   MOV.L       R12,@-R15
    00000062 2FD6                   MOV.L       R13,@-R15
    00000064 2FE6                   MOV.L       R14,@-R15
    00000066 4F22                   STS.L       PR,@-R15
    00000068 7FD4                   ADD         #-44,R15
    0000006A 6C63                   MOV         R6,R12
    0000006C 6E53                   MOV         R5,R14
    0000006E 6D43                   MOV         R4,R13
    00000070 62E2                   MOV.L       @R14,R2
    00000072 2228                   TST         R2,R2
    00000074 892D                   BT          L17
    00000076 72FF                   ADD         #-1,R2
    00000078 4215                   CMP/PL      R2
    0000007A 8B0D                   BF          L19
    0000007C 63D2                   MOV.L       @R13,R3
    0000007E 1F3A                   MOV.L       R3,@(40,R15)
    00000080 6433                   MOV         R3,R4
    00000082 E500                   MOV         #0,R5      ; H'00000000
    00000084 E601                   MOV         #1,R6      ; H'00000001
    00000086 462C                   SHAD        R2,R6
    00000088 6263                   MOV         R6,R2
    0000008A 655F                   EXTS.W      R5,R5
    0000008C 6623                   MOV         R2,R6
    0000008E BFB7                   BSR         _dad_afv_config
    00000090 0009                   NOP
    00000092 6203                   MOV         R0,R2
    00000094 2228                   TST         R2,R2
    00000096 8902                   BT          L20
    00000098              L19:
    00000098 E2FF                   MOV         #-1,R2     ; H'FFFFFFFF
    0000009A A067                   BRA         L21
    0000009C 0009                   NOP
    0000009E              L20:
    0000009E 54FA                   MOV.L       @(40,R15),R4
    000000A0 D3A5                   MOV.L       L42+6,R3   ; _wai_afv_flg
    000000A2 430B                   JSR         @R3
    000000A4 0009                   NOP
    000000A6 6203                   MOV         R0,R2
    000000A8 2228                   TST         R2,R2
    000000AA 892D                   BT          L23
    000000AC 2228                   TST         R2,R2
    000000AE 890D                   BT          L25
    000000B0 D4A2                   MOV.L       L42+10,R4  ; __iob
    000000B2 7428                   ADD         #40,R4
    000000B4 D2A2                   MOV.L       L42+14,R2  ; L43
    000000B6 2F22                   MOV.L       R2,@R15
    000000B8 D2A2                   MOV.L       L42+18,R2  ; L44
    000000BA 1F21                   MOV.L       R2,@(4,R15)
    000000BC 93C6                   MOV.W       L41,R3     ; H'0086
    000000BE 1F32                   MOV.L       R3,@(8,R15)
    000000C0 D3A1                   MOV.L       L42+22,R3  ; _fprintf
    000000C2 430B                   JSR         @R3
    000000C4 0009                   NOP
    000000C6 D3A1                   MOV.L       L42+26,R3  ; _abort
    000000C8 430B                   JSR         @R3
    000000CA 0009                   NOP
    000000CC              L25:
    000000CC E2FF                   MOV         #-1,R2     ; H'FFFFFFFF
    000000CE A04D                   BRA         L21
    000000D0 0009                   NOP
    000000D2              L17:
    000000D2 64F3                   MOV         R15,R4
    000000D4 7428                   ADD         #40,R4
    000000D6 D39E                   MOV.L       L42+30,R3  ; _wai_afv_msg
    000000D8 430B                   JSR         @R3
    000000DA 0009                   NOP
    000000DC 6203                   MOV         R0,R2
    000000DE 2228                   TST         R2,R2
    000000E0 8912                   BT          L23
    000000E2 2228                   TST         R2,R2
    000000E4 890D                   BT          L28
    000000E6 D495                   MOV.L       L42+10,R4  ; __iob
    000000E8 7428                   ADD         #40,R4
    000000EA D295                   MOV.L       L42+14,R2  ; L43
    000000EC 2F22                   MOV.L       R2,@R15
    000000EE D295                   MOV.L       L42+18,R2  ; L44
    000000F0 1F21                   MOV.L       R2,@(4,R15)
    000000F2 93AC                   MOV.W       L41+2,R3   ; H'008A
    000000F4 1F32                   MOV.L       R3,@(8,R15)
    000000F6 D394                   MOV.L       L42+22,R3  ; _fprintf
    000000F8 430B                   JSR         @R3
    000000FA 0009                   NOP
    000000FC D393                   MOV.L       L42+26,R3  ; _abort
    000000FE 430B                   JSR         @R3
    00000100 0009                   NOP
    00000102              L28:
    00000102 E2FF                   MOV         #-1,R2     ; H'FFFFFFFF
    00000104 A032                   BRA         L21
    00000106 0009                   NOP
    00000108              L23:
    00000108 E702                   MOV         #2,R7      ; H'00000002
    0000010A 65F3                   MOV         R15,R5
    0000010C 7510                   ADD         #16,R5
    0000010E E610                   MOV         #16,R6     ; H'00000010
    00000110 54FA                   MOV.L       @(40,R15),R4
    00000112 677D                   EXTU.W      R7,R7
    00000114 D38F                   MOV.L       L42+34,R3  ; _dad_dpm_read
    00000116 430B                   JSR         @R3
    00000118 0009                   NOP
    0000011A 6203                   MOV         R0,R2
    0000011C 4211                   CMP/PZ      R2
    0000011E 8902                   BT          L30
    00000120 E2FF                   MOV         #-1,R2     ; H'FFFFFFFF
    00000122 A023                   BRA         L21
    00000124 0009                   NOP
    00000126              L30:
    00000126 64F3                   MOV         R15,R4
    00000128 740C                   ADD         #12,R4
    0000012A B092                   BSR         __$chg_ul_aft_read
    0000012C 0009                   NOP
    0000012E 62E2                   MOV.L       @R14,R2
    00000130 2228                   TST         R2,R2
    00000132 8B18                   BF          L32
    00000134 E200                   MOV         #0,R2      ; H'00000000
    00000136 53F4                   MOV.L       @(16,R15),R3
    00000138 51F4                   MOV.L       @(16,R15),R1
    0000013A 2138                   TST         R3,R1
    0000013C 8911                   BT          L33
    0000013E              L34:
    0000013E 53F4                   MOV.L       @(16,R15),R3
    00000140 6033                   MOV         R3,R0
    00000142 C801                   TST         #1,R0
    00000144 8903                   BT          L36
    00000146 7201                   ADD         #1,R2
    00000148 2E22                   MOV.L       R2,@R14
    0000014A A00A                   BRA         L33
    0000014C 0009                   NOP
    0000014E              L36:
    0000014E E501                   MOV         #1,R5      ; H'00000001
    00000150 665B                   NEG         R5,R6
    00000152 53F4                   MOV.L       @(16,R15),R3
    00000154 436D                   SHLD        R6,R3
    00000156 1F34                   MOV.L       R3,@(16,R15)
    00000158 7201                   ADD         #1,R2
    0000015A 53F4                   MOV.L       @(16,R15),R3
    0000015C 51F4                   MOV.L       @(16,R15),R1
    0000015E 2138                   TST         R3,R1
    00000160 8BED                   BF          L34
    00000162              L33:
    00000162 53FA                   MOV.L       @(40,R15),R3
    00000164 2D32                   MOV.L       R3,@R13
    00000166              L32:
    00000166 53F6                   MOV.L       @(24,R15),R3
    00000168 2C32                   MOV.L       R3,@R12
    0000016A E200                   MOV         #0,R2      ; H'00000000
    0000016C              L21:
    0000016C 6023                   MOV         R2,R0
    0000016E 7F2C                   ADD         #44,R15
    00000170 4F26                   LDS.L       @R15+,PR
    00000172 6EF6                   MOV.L       @R15+,R14
    00000174 6DF6                   MOV.L       @R15+,R13
    00000176 6CF6                   MOV.L       @R15+,R12
    00000178 000B                   RTS
    0000017A 0009                   NOP
    0000017C              __$chg_ul_bef_write:             ; function: __$chg_ul_bef_write
                                                           ; frame size=8
    0000017C 2FD6                   MOV.L       R13,@-R15
    0000017E 2FE6                   MOV.L       R14,@-R15
    00000180 6241                   MOV.W       @R4,R2
    00000182 622F                   EXTS.W      R2,R2
    00000184 9E64                   MOV.W       L41+4,R14  ; H'00FF
    00000186 6623                   MOV         R2,R6
    00000188 26E9                   AND         R14,R6
    0000018A 4618                   SHLL8       R6
    0000018C 6241                   MOV.W       @R4,R2
    0000018E 622F                   EXTS.W      R2,R2
    00000190 D771                   MOV.L       L42+38,R7  ; H'0000FF00
    00000192 6523                   MOV         R2,R5
    00000194 2579                   AND         R7,R5
    00000196 6253                   MOV         R5,R2
    00000198 622D                   EXTU.W      R2,R2
    0000019A 6523                   MOV         R2,R5
    0000019C EDF8                   MOV         #-8,R13    ; H'FFFFFFF8
    0000019E 45DC                   SHAD        R13,R5
    000001A0 265B                   OR          R5,R6
    000001A2 2461                   MOV.W       R6,@R4
    000001A4 8541                   MOV.W       @(2,R4),R0
    000001A6 6203                   MOV         R0,R2
    000001A8 622F                   EXTS.W      R2,R2
    000001AA 6623                   MOV         R2,R6
    000001AC 26E9                   AND         R14,R6
    000001AE 4618                   SHLL8       R6
    000001B0 8541                   MOV.W       @(2,R4),R0
    000001B2 6203                   MOV         R0,R2
    000001B4 622F                   EXTS.W      R2,R2
    000001B6 6523                   MOV         R2,R5
    000001B8 2579                   AND         R7,R5
    000001BA 6253                   MOV         R5,R2
    000001BC 622D                   EXTU.W      R2,R2
    000001BE 6523                   MOV         R2,R5
    000001C0 45DC                   SHAD        R13,R5
    000001C2 265B                   OR          R5,R6
    000001C4 6063                   MOV         R6,R0
    000001C6 8141                   MOV.W       R0,@(2,R4)
    000001C8 5641                   MOV.L       @(4,R4),R6
    000001CA 9541                   MOV.W       L41+4,R5   ; H'00FF
    000001CC 6263                   MOV         R6,R2
    000001CE 2259                   AND         R5,R2
    000001D0 4228                   SHLL16      R2
    000001D2 4218                   SHLL8       R2
    000001D4 5641                   MOV.L       @(4,R4),R6
    000001D6 D560                   MOV.L       L42+38,R5  ; H'0000FF00
    000001D8 2659                   AND         R5,R6
    000001DA 4618                   SHLL8       R6
    000001DC 226B                   OR          R6,R2
    000001DE 6623                   MOV         R2,R6
    000001E0 5241                   MOV.L       @(4,R4),R2
    000001E2 D55E                   MOV.L       L42+42,R5  ; H'00FF0000
    000001E4 2259                   AND         R5,R2
    000001E6 4219                   SHLR8       R2
    000001E8 262B                   OR          R2,R6
    000001EA 5241                   MOV.L       @(4,R4),R2
    000001EC D35C                   MOV.L       L42+46,R3  ; H'FF000000
    000001EE 2239                   AND         R3,R2
    000001F0 4229                   SHLR16      R2
    000001F2 4219                   SHLR8       R2
    000001F4 262B                   OR          R2,R6
    000001F6 1461                   MOV.L       R6,@(4,R4)
    000001F8 8544                   MOV.W       @(8,R4),R0
    000001FA 6203                   MOV         R0,R2
    000001FC 622D                   EXTU.W      R2,R2
    000001FE 6623                   MOV         R2,R6
    00000200 6563                   MOV         R6,R5
    00000202 25E9                   AND         R14,R5
    00000204 4518                   SHLL8       R5
    00000206 8544                   MOV.W       @(8,R4),R0
    00000208 6603                   MOV         R0,R6
    0000020A 666D                   EXTU.W      R6,R6
    0000020C 6263                   MOV         R6,R2
    0000020E 6623                   MOV         R2,R6
    00000210 2679                   AND         R7,R6
    00000212 6263                   MOV         R6,R2
    00000214 622D                   EXTU.W      R2,R2
    00000216 6623                   MOV         R2,R6
    00000218 6253                   MOV         R5,R2
    0000021A 46DC                   SHAD        R13,R6
    0000021C 226B                   OR          R6,R2
    0000021E 6023                   MOV         R2,R0
    00000220 8144                   MOV.W       R0,@(8,R4)
    00000222 8545                   MOV.W       @(10,R4),R0
    00000224 6603                   MOV         R0,R6
    00000226 666D                   EXTU.W      R6,R6
    00000228 26E9                   AND         R14,R6
    0000022A 4618                   SHLL8       R6
    0000022C 6563                   MOV         R6,R5
    0000022E 8545                   MOV.W       @(10,R4),R0
    00000230 6203                   MOV         R0,R2
    00000232 622D                   EXTU.W      R2,R2
    00000234 2279                   AND         R7,R2
    00000236 622D                   EXTU.W      R2,R2
    00000238 6623                   MOV         R2,R6
    0000023A 46DC                   SHAD        R13,R6
    0000023C 256B                   OR          R6,R5
    0000023E 6253                   MOV         R5,R2
    00000240 6023                   MOV         R2,R0
    00000242 8145                   MOV.W       R0,@(10,R4)
    00000244 6EF6                   MOV.L       @R15+,R14
    00000246 6DF6                   MOV.L       @R15+,R13
    00000248 000B                   RTS
    0000024A 0009                   NOP
    0000024C              L41:
    0000024C 0086                   .DATA.W     H'0086
    0000024E 008A                   .DATA.W     H'008A
    00000250 00FF                   .DATA.W     H'00FF
    00000252              __$chg_ul_aft_read:              ; function: __$chg_ul_aft_read
                                                           ; frame size=12
    00000252 2FC6                   MOV.L       R12,@-R15
    00000254 2FD6                   MOV.L       R13,@-R15
    00000256 2FE6                   MOV.L       R14,@-R15
    00000258 6641                   MOV.W       @R4,R6
    0000025A 666F                   EXTS.W      R6,R6
    0000025C 9769                   MOV.W       L42,R7     ; H'00FF
    0000025E 6263                   MOV         R6,R2
    00000260 2279                   AND         R7,R2
    00000262 4218                   SHLL8       R2
    00000264 6641                   MOV.W       @R4,R6
    00000266 666F                   EXTS.W      R6,R6
    00000268 DE3B                   MOV.L       L42+38,R14 ; H'0000FF00
    0000026A 6563                   MOV         R6,R5
    0000026C 25E9                   AND         R14,R5
    0000026E 655D                   EXTU.W      R5,R5
    00000270 6653                   MOV         R5,R6
    00000272 EDF8                   MOV         #-8,R13    ; H'FFFFFFF8
    00000274 46DC                   SHAD        R13,R6
    00000276 226B                   OR          R6,R2
    00000278 2421                   MOV.W       R2,@R4
    0000027A 5241                   MOV.L       @(4,R4),R2
    0000027C 9559                   MOV.W       L42,R5     ; H'00FF
    0000027E 6623                   MOV         R2,R6
    00000280 2659                   AND         R5,R6
    00000282 4628                   SHLL16      R6
    00000284 4618                   SHLL8       R6
    00000286 5241                   MOV.L       @(4,R4),R2
    00000288 D333                   MOV.L       L42+38,R3  ; H'0000FF00
    0000028A 6C33                   MOV         R3,R12
    0000028C 6563                   MOV         R6,R5
    0000028E 22C9                   AND         R12,R2
    00000290 4218                   SHLL8       R2
    00000292 252B                   OR          R2,R5
    00000294 6653                   MOV         R5,R6
    00000296 5241                   MOV.L       @(4,R4),R2
    00000298 D530                   MOV.L       L42+42,R5  ; H'00FF0000
    0000029A 2259                   AND         R5,R2
    0000029C 4219                   SHLR8       R2
    0000029E 262B                   OR          R2,R6
    000002A0 5241                   MOV.L       @(4,R4),R2
    000002A2 D32F                   MOV.L       L42+46,R3  ; H'FF000000
    000002A4 2239                   AND         R3,R2
    000002A6 4229                   SHLR16      R2
    000002A8 4219                   SHLR8       R2
    000002AA 262B                   OR          R2,R6
    000002AC 1461                   MOV.L       R6,@(4,R4)
    000002AE 8544                   MOV.W       @(8,R4),R0
    000002B0 6603                   MOV         R0,R6
    000002B2 666D                   EXTU.W      R6,R6
    000002B4 6263                   MOV         R6,R2
    000002B6 6623                   MOV         R2,R6
    000002B8 2679                   AND         R7,R6
    000002BA 4618                   SHLL8       R6
    000002BC 8544                   MOV.W       @(8,R4),R0
    000002BE 6203                   MOV         R0,R2
    000002C0 622D                   EXTU.W      R2,R2
    000002C2 6523                   MOV         R2,R5
    000002C4 25E9                   AND         R14,R5
    000002C6 655D                   EXTU.W      R5,R5
    000002C8 6253                   MOV         R5,R2
    000002CA 6563                   MOV         R6,R5
    000002CC 42DC                   SHAD        R13,R2
    000002CE 252B                   OR          R2,R5
    000002D0 6053                   MOV         R5,R0
    000002D2 8144                   MOV.W       R0,@(8,R4)
    000002D4 8545                   MOV.W       @(10,R4),R0
    000002D6 6603                   MOV         R0,R6
    000002D8 666D                   EXTU.W      R6,R6
    000002DA 6263                   MOV         R6,R2
    000002DC 6623                   MOV         R2,R6
    000002DE 2679                   AND         R7,R6
    000002E0 4618                   SHLL8       R6
    000002E2 8545                   MOV.W       @(10,R4),R0
    000002E4 6203                   MOV         R0,R2
    000002E6 622D                   EXTU.W      R2,R2
    000002E8 6523                   MOV         R2,R5
    000002EA 25E9                   AND         R14,R5
    000002EC 655D                   EXTU.W      R5,R5
    000002EE 6253                   MOV         R5,R2
    000002F0 6563                   MOV         R6,R5
    000002F2 42DC                   SHAD        R13,R2
    000002F4 252B                   OR          R2,R5
    000002F6 6053                   MOV         R5,R0
    000002F8 8145                   MOV.W       R0,@(10,R4)
    000002FA 5243                   MOV.L       @(12,R4),R2
    000002FC 2279                   AND         R7,R2
    000002FE 4228                   SHLL16      R2
    00000300 4218                   SHLL8       R2
    00000302 5643                   MOV.L       @(12,R4),R6
    00000304 26E9                   AND         R14,R6
    00000306 4618                   SHLL8       R6
    00000308 226B                   OR          R6,R2
    0000030A 5643                   MOV.L       @(12,R4),R6
    0000030C D313                   MOV.L       L42+42,R3  ; H'00FF0000
    0000030E 2639                   AND         R3,R6
    00000310 46DC                   SHAD        R13,R6
    00000312 226B                   OR          R6,R2
    00000314 6523                   MOV         R2,R5
    00000316 5243                   MOV.L       @(12,R4),R2
    00000318 D611                   MOV.L       L42+46,R6  ; H'FF000000
    0000031A 2269                   AND         R6,R2
    0000031C 6623                   MOV         R2,R6
    0000031E 6253                   MOV         R5,R2
    00000320 4629                   SHLR16      R6
    00000322 4619                   SHLR8       R6
    00000324 226B                   OR          R6,R2
    00000326 1423                   MOV.L       R2,@(12,R4)
    00000328 6EF6                   MOV.L       @R15+,R14
    0000032A 6DF6                   MOV.L       @R15+,R13
    0000032C 6CF6                   MOV.L       @R15+,R12
    0000032E 000B                   RTS
    00000330 0009                   NOP
    00000332              L42:
    00000332 00FF                   .DATA.W     H'00FF
    00000334 <00000000>             .DATA.L     _dad_dpm_write
    00000338 <00000000>             .DATA.L     _wai_afv_flg
    0000033C <00000000>             .DATA.L     __iob
    00000340 <00000000>             .DATA.L     L43
    00000344 <00000000>             .DATA.L     L44
    00000348 <00000000>             .DATA.L     _fprintf
    0000034C <00000000>             .DATA.L     _abort
    00000350 <00000000>             .DATA.L     _wai_afv_msg
    00000354 <00000000>             .DATA.L     _dad_dpm_read
    00000358 0000FF00               .DATA.L     H'0000FF00
    0000035C 00FF0000               .DATA.L     H'00FF0000
    00000360 FF000000               .DATA.L     H'FF000000
C   00000000              L43:
    00000000 4153534552             .SDATA      "ASSERTION FAILED: !err FILE %s,LINE %d "
             54494F4E20   
             4641494C45   
             443A202165   
             7272204649   
             4C45202573   
             2C4C494E45   
             20256420     
    00000027 0A00                   .DATA.B     H'0A,H'00
    00000029 00                     .DATAB.B    3,0
    0000002C              L44:
    0000002C 6461646166             .SDATA      "dadafv.c"
             762E63       
    00000034 00                     .DATA.B     H'00
SH SERIES C/C++ Compiler (Ver. checker(2003.03.17))                                              10-Nov-2011 18:53:49  PAGE    1


******** STATISTICS INFORMATION ********


********** ERROR INFORMATION ***********

NUMBER OF ERRORS:           0
NUMBER OF WARNINGS:         0
NUMBER OF INFORMATIONS:     0



******* SOURCE LINE INFORMATION ********

COMPILED SOURCE LINE:      176



******* SECTION SIZE INFORMATION *******

PROGRAM  SECTION (P):                               00000364 Byte(s)
CONSTANT SECTION (C):                               00000035 Byte(s)
DATA     SECTION (D):                               00000000 Byte(s)
BSS      SECTION (B):                               00000000 Byte(s)

TOTAL PROGRAM  SECTION: 00000364 Byte(s)
TOTAL CONSTANT SECTION: 00000035 Byte(s)
TOTAL DATA     SECTION: 00000000 Byte(s)
TOTAL BSS      SECTION: 00000000 Byte(s)

    TOTAL PROGRAM SIZE: 00000399 Byte(s)



********** LABEL INFORMATION ***********

NUMBER OF EXTERNAL REFERENCE SYMBOLS:            7
NUMBER OF EXTERNAL DEFINITION SYMBOLS:           2
NUMBER OF INTERNAL/EXTERNAL SYMBOLS:            28
*** COMMAND PARAMETER ***


  -cpu=sh3 -op=0 -en=big -me -debug -comment=nest -l -def=DEBUG,MAS_P5554,MAS_BIG_ENDIAN -i=P:\PRESTO2\SHINC,C:\usr\local\SH\7_1_1\include,P:\PRESTO2\NORTI_12\inc dadafv.c 

