SH SERIES C/C++ Compiler (Ver. checker(2003.03.17))                                              10-Nov-2011 18:53:51  PAGE    1

************ OBJECT LISTING ************

FILE NAME: dadbot2.c

SCT OFFSET   CODE       C LABEL     INSTRUCTION OPERAND    COMMENT

P   00000000              _dad_iboot1:                     ; function: dad_iboot1
                                                           ; frame size=208
    00000000 2FD6                   MOV.L       R13,@-R15
    00000002 2FE6                   MOV.L       R14,@-R15
    00000004 4F22                   STS.L       PR,@-R15
    00000006 93AB                   MOV.W       L28,R3     ; H'FF3C
    00000008 3F3C                   ADD         R3,R15
    0000000A 6E53                   MOV         R5,R14
    0000000C 6D43                   MOV         R4,R13
    0000000E E300                   MOV         #0,R3      ; H'00000000
    00000010 6033                   MOV         R3,R0
    00000012 81F6                   MOV.W       R0,@(12,R15)
    00000014 93A5                   MOV.W       L28+2,R3   ; H'0101
    00000016 6033                   MOV         R3,R0
    00000018 81F7                   MOV.W       R0,@(14,R15)
    0000001A 62E2                   MOV.L       @R14,R2
    0000001C 6323                   MOV         R2,R3
    0000001E 1F34                   MOV.L       R3,@(16,R15)
    00000020 E300                   MOV         #0,R3      ; H'00000000
    00000022 6033                   MOV         R3,R0
    00000024 81FA                   MOV.W       R0,@(20,R15)
    00000026 E300                   MOV         #0,R3      ; H'00000000
    00000028 6033                   MOV         R3,R0
    0000002A 81FB                   MOV.W       R0,@(22,R15)
    0000002C E200                   MOV         #0,R2      ; H'00000000
    0000002E 6323                   MOV         R2,R3
    00000030 1F36                   MOV.L       R3,@(24,R15)
    00000032 85E2                   MOV.W       @(4,R14),R0
    00000034 6203                   MOV         R0,R2
    00000036 6323                   MOV         R2,R3
    00000038 6033                   MOV         R3,R0
    0000003A 81FE                   MOV.W       R0,@(28,R15)
    0000003C E300                   MOV         #0,R3      ; H'00000000
    0000003E 6033                   MOV         R3,R0
    00000040 81FF                   MOV.W       R0,@(30,R15)
    00000042 E200                   MOV         #0,R2      ; H'00000000
    00000044 6323                   MOV         R2,R3
    00000046 1F38                   MOV.L       R3,@(32,R15)
    00000048 E300                   MOV         #0,R3      ; H'00000000
    0000004A E024                   MOV         #36,R0     ; H'00000024
    0000004C 0F35                   MOV.W       R3,@(R0,R15)
    0000004E 85E3                   MOV.W       @(6,R14),R0
    00000050 6203                   MOV         R0,R2
    00000052 6323                   MOV         R2,R3
    00000054 E026                   MOV         #38,R0     ; H'00000026
    00000056 0F35                   MOV.W       R3,@(R0,R15)
    00000058 E218                   MOV         #24,R2     ; H'00000018
    0000005A 64F3                   MOV         R15,R4
    0000005C 7428                   ADD         #40,R4
    0000005E 55E2                   MOV.L       @(8,R14),R5
    00000060 6623                   MOV         R2,R6
    00000062 4600                   SHLL        R6
    00000064 D3D7                   MOV.L       L32+2,R3   ; _memcpy
    00000066 430B                   JSR         @R3
    00000068 0009                   NOP
    0000006A E208                   MOV         #8,R2      ; H'00000008
    0000006C 64F3                   MOV         R15,R4
    0000006E 7458                   ADD         #88,R4
    00000070 55E3                   MOV.L       @(12,R14),R5
    00000072 6623                   MOV         R2,R6
    00000074 4600                   SHLL        R6
    00000076 D3D3                   MOV.L       L32+2,R3   ; _memcpy
    00000078 430B                   JSR         @R3
    0000007A 0009                   NOP
    0000007C E204                   MOV         #4,R2      ; H'00000004
    0000007E 64F3                   MOV         R15,R4
    00000080 7468                   ADD         #104,R4
    00000082 55E4                   MOV.L       @(16,R14),R5
    00000084 6623                   MOV         R2,R6
    00000086 4600                   SHLL        R6
    00000088 D3CE                   MOV.L       L32+2,R3   ; _memcpy
    0000008A 430B                   JSR         @R3
    0000008C 0009                   NOP
    0000008E E218                   MOV         #24,R2     ; H'00000018
    00000090 64F3                   MOV         R15,R4
    00000092 7470                   ADD         #112,R4
    00000094 55E5                   MOV.L       @(20,R14),R5
    00000096 6623                   MOV         R2,R6
    00000098 4600                   SHLL        R6
    0000009A D3CA                   MOV.L       L32+2,R3   ; _memcpy
    0000009C 430B                   JSR         @R3
    0000009E 0009                   NOP
    000000A0 E208                   MOV         #8,R2      ; H'00000008
    000000A2 64F3                   MOV         R15,R4
    000000A4 7470                   ADD         #112,R4
    000000A6 7430                   ADD         #48,R4
    000000A8 55E6                   MOV.L       @(24,R14),R5
    000000AA 6623                   MOV         R2,R6
    000000AC 4600                   SHLL        R6
    000000AE D3C5                   MOV.L       L32+2,R3   ; _memcpy
    000000B0 430B                   JSR         @R3
    000000B2 0009                   NOP
    000000B4 E204                   MOV         #4,R2      ; H'00000004
    000000B6 64F3                   MOV         R15,R4
    000000B8 7470                   ADD         #112,R4
    000000BA 7440                   ADD         #64,R4
    000000BC 55E7                   MOV.L       @(28,R14),R5
    000000BE 6623                   MOV         R2,R6
    000000C0 4600                   SHLL        R6
    000000C2 D3C0                   MOV.L       L32+2,R3   ; _memcpy
    000000C4 430B                   JSR         @R3
    000000C6 0009                   NOP
    000000C8 64F3                   MOV         R15,R4
    000000CA 740C                   ADD         #12,R4
    000000CC B04F                   BSR         __$chg_ul_bef_write
    000000CE 0009                   NOP
    000000D0 9348                   MOV.W       L28+4,R3   ; H'00AA
    000000D2 6733                   MOV         R3,R7
    000000D4 66F3                   MOV         R15,R6
    000000D6 760E                   ADD         #14,R6
    000000D8 E500                   MOV         #0,R5      ; H'00000000
    000000DA 64D3                   MOV         R13,R4
    000000DC 677F                   EXTS.W      R7,R7
    000000DE D3BA                   MOV.L       L32+6,R3   ; _dad_dpm_write
    000000E0 430B                   JSR         @R3
    000000E2 0009                   NOP
    000000E4 6203                   MOV         R0,R2
    000000E6 4211                   CMP/PZ      R2
    000000E8 8902                   BT          L12
    000000EA E2FF                   MOV         #-1,R2     ; H'FFFFFFFF
    000000EC A030                   BRA         L13
    000000EE 0009                   NOP
    000000F0              L12:
    000000F0 E502                   MOV         #2,R5      ; H'00000002
    000000F2 64D3                   MOV         R13,R4
    000000F4 D3B5                   MOV.L       L32+10,R3  ; _wai_init_boot_flg
    000000F6 430B                   JSR         @R3
    000000F8 0009                   NOP
    000000FA 6203                   MOV         R0,R2
    000000FC 2228                   TST         R2,R2
    000000FE 8912                   BT          L15
    00000100 2228                   TST         R2,R2
    00000102 890D                   BT          L17
    00000104 D4B2                   MOV.L       L32+14,R4  ; __iob
    00000106 7428                   ADD         #40,R4
    00000108 D2B2                   MOV.L       L32+18,R2  ; L34
    0000010A 2F22                   MOV.L       R2,@R15
    0000010C D2B2                   MOV.L       L32+22,R2  ; L35
    0000010E 1F21                   MOV.L       R2,@(4,R15)
    00000110 9329                   MOV.W       L28+6,R3   ; H'0084
    00000112 1F32                   MOV.L       R3,@(8,R15)
    00000114 D3B1                   MOV.L       L32+26,R3  ; _fprintf
    00000116 430B                   JSR         @R3
    00000118 0009                   NOP
    0000011A D3B1                   MOV.L       L32+30,R3  ; _abort
    0000011C 430B                   JSR         @R3
    0000011E 0009                   NOP
    00000120              L17:
    00000120 E2FF                   MOV         #-1,R2     ; H'FFFFFFFF
    00000122 A015                   BRA         L13
    00000124 0009                   NOP
    00000126              L15:
    00000126 E700                   MOV         #0,R7      ; H'00000000
    00000128 65F3                   MOV         R15,R5
    0000012A 931D                   MOV.W       L28+8,R3   ; H'00B8
    0000012C 353C                   ADD         R3,R5
    0000012E E604                   MOV         #4,R6      ; H'00000004
    00000130 64D3                   MOV         R13,R4
    00000132 677D                   EXTU.W      R7,R7
    00000134 D3AB                   MOV.L       L32+34,R3  ; _dad_dpm_read
    00000136 430B                   JSR         @R3
    00000138 0009                   NOP
    0000013A 6203                   MOV         R0,R2
    0000013C 4211                   CMP/PZ      R2
    0000013E 8B03                   BF          L19
    00000140 9013                   MOV.W       L28+10,R0  ; H'00BA
    00000142 03FD                   MOV.W       @(R0,R15),R3
    00000144 4311                   CMP/PZ      R3
    00000146 8902                   BT          L20
    00000148              L19:
    00000148 E2FF                   MOV         #-1,R2     ; H'FFFFFFFF
    0000014A A001                   BRA         L13
    0000014C 0009                   NOP
    0000014E              L20:
    0000014E E200                   MOV         #0,R2      ; H'00000000
    00000150              L13:
    00000150 6023                   MOV         R2,R0
    00000152 930B                   MOV.W       L28+12,R3  ; H'00C4
    00000154 3F3C                   ADD         R3,R15
    00000156 4F26                   LDS.L       @R15+,PR
    00000158 6EF6                   MOV.L       @R15+,R14
    0000015A 6DF6                   MOV.L       @R15+,R13
    0000015C 000B                   RTS
    0000015E 0009                   NOP
    00000160              L28:
    00000160 FF3C                   .DATA.W     H'FF3C
    00000162 0101                   .DATA.W     H'0101
    00000164 00AA                   .DATA.W     H'00AA
    00000166 0084                   .DATA.W     H'0084
    00000168 00B8                   .DATA.W     H'00B8
    0000016A 00BA                   .DATA.W     H'00BA
    0000016C 00C4                   .DATA.W     H'00C4
    0000016E              __$chg_ul_bef_write:             ; function: __$chg_ul_bef_write
                                                           ; frame size=28
    0000016E 2F96                   MOV.L       R9,@-R15
    00000170 2FA6                   MOV.L       R10,@-R15
    00000172 2FB6                   MOV.L       R11,@-R15
    00000174 2FC6                   MOV.L       R12,@-R15
    00000176 2FD6                   MOV.L       R13,@-R15
    00000178 2FE6                   MOV.L       R14,@-R15
    0000017A 7FFC                   ADD         #-4,R15
    0000017C 8541                   MOV.W       @(2,R4),R0
    0000017E 6203                   MOV         R0,R2
    00000180 622F                   EXTS.W      R2,R2
    00000182 9EEC                   MOV.W       L30,R14    ; H'00FF
    00000184 6523                   MOV         R2,R5
    00000186 25E9                   AND         R14,R5
    00000188 4518                   SHLL8       R5
    0000018A 8541                   MOV.W       @(2,R4),R0
    0000018C 6603                   MOV         R0,R6
    0000018E 666F                   EXTS.W      R6,R6
    00000190 D295                   MOV.L       L32+38,R2  ; H'0000FF00
    00000192 6763                   MOV         R6,R7
    00000194 2729                   AND         R2,R7
    00000196 6673                   MOV         R7,R6
    00000198 666D                   EXTU.W      R6,R6
    0000019A 6763                   MOV         R6,R7
    0000019C EDF8                   MOV         #-8,R13    ; H'FFFFFFF8
    0000019E 47DC                   SHAD        R13,R7
    000001A0 257B                   OR          R7,R5
    000001A2 6053                   MOV         R5,R0
    000001A4 8141                   MOV.W       R0,@(2,R4)
    000001A6 5541                   MOV.L       @(4,R4),R5
    000001A8 9AD9                   MOV.W       L30,R10    ; H'00FF
    000001AA 67A3                   MOV         R10,R7
    000001AC 6653                   MOV         R5,R6
    000001AE 2679                   AND         R7,R6
    000001B0 4628                   SHLL16      R6
    000001B2 4618                   SHLL8       R6
    000001B4 5541                   MOV.L       @(4,R4),R5
    000001B6 DC8C                   MOV.L       L32+38,R12 ; H'0000FF00
    000001B8 67C3                   MOV         R12,R7
    000001BA 2579                   AND         R7,R5
    000001BC 4518                   SHLL8       R5
    000001BE 265B                   OR          R5,R6
    000001C0 6563                   MOV         R6,R5
    000001C2 5641                   MOV.L       @(4,R4),R6
    000001C4 DB89                   MOV.L       L32+42,R11 ; H'00FF0000
    000001C6 67B3                   MOV         R11,R7
    000001C8 2679                   AND         R7,R6
    000001CA 4619                   SHLR8       R6
    000001CC 256B                   OR          R6,R5
    000001CE 5641                   MOV.L       @(4,R4),R6
    000001D0 D987                   MOV.L       L32+46,R9  ; H'FF000000
    000001D2 2699                   AND         R9,R6
    000001D4 4629                   SHLR16      R6
    000001D6 4619                   SHLR8       R6
    000001D8 256B                   OR          R6,R5
    000001DA 1451                   MOV.L       R5,@(4,R4)
    000001DC 8544                   MOV.W       @(8,R4),R0
    000001DE 6603                   MOV         R0,R6
    000001E0 666D                   EXTU.W      R6,R6
    000001E2 6563                   MOV         R6,R5
    000001E4 6753                   MOV         R5,R7
    000001E6 27E9                   AND         R14,R7
    000001E8 4718                   SHLL8       R7
    000001EA 8544                   MOV.W       @(8,R4),R0
    000001EC 6503                   MOV         R0,R5
    000001EE 655D                   EXTU.W      R5,R5
    000001F0 6653                   MOV         R5,R6
    000001F2 6563                   MOV         R6,R5
    000001F4 2529                   AND         R2,R5
    000001F6 6653                   MOV         R5,R6
    000001F8 666D                   EXTU.W      R6,R6
    000001FA 6563                   MOV         R6,R5
    000001FC 45DC                   SHAD        R13,R5
    000001FE 275B                   OR          R5,R7
    00000200 6573                   MOV         R7,R5
    00000202 6053                   MOV         R5,R0
    00000204 8144                   MOV.W       R0,@(8,R4)
    00000206 8545                   MOV.W       @(10,R4),R0
    00000208 6603                   MOV         R0,R6
    0000020A 666D                   EXTU.W      R6,R6
    0000020C 6563                   MOV         R6,R5
    0000020E 6753                   MOV         R5,R7
    00000210 27E9                   AND         R14,R7
    00000212 4718                   SHLL8       R7
    00000214 8545                   MOV.W       @(10,R4),R0
    00000216 6503                   MOV         R0,R5
    00000218 655D                   EXTU.W      R5,R5
    0000021A 6653                   MOV         R5,R6
    0000021C 6563                   MOV         R6,R5
    0000021E 2529                   AND         R2,R5
    00000220 6653                   MOV         R5,R6
    00000222 666D                   EXTU.W      R6,R6
    00000224 6563                   MOV         R6,R5
    00000226 45DC                   SHAD        R13,R5
    00000228 275B                   OR          R5,R7
    0000022A 6573                   MOV         R7,R5
    0000022C 6053                   MOV         R5,R0
    0000022E 8145                   MOV.W       R0,@(10,R4)
    00000230 5543                   MOV.L       @(12,R4),R5
    00000232 67A3                   MOV         R10,R7
    00000234 6653                   MOV         R5,R6
    00000236 2679                   AND         R7,R6
    00000238 4628                   SHLL16      R6
    0000023A 4618                   SHLL8       R6
    0000023C 5543                   MOV.L       @(12,R4),R5
    0000023E 67C3                   MOV         R12,R7
    00000240 2579                   AND         R7,R5
    00000242 4518                   SHLL8       R5
    00000244 265B                   OR          R5,R6
    00000246 6563                   MOV         R6,R5
    00000248 5643                   MOV.L       @(12,R4),R6
    0000024A 67B3                   MOV         R11,R7
    0000024C 2679                   AND         R7,R6
    0000024E 4619                   SHLR8       R6
    00000250 256B                   OR          R6,R5
    00000252 5643                   MOV.L       @(12,R4),R6
    00000254 2699                   AND         R9,R6
    00000256 4629                   SHLR16      R6
    00000258 4619                   SHLR8       R6
    0000025A 256B                   OR          R6,R5
    0000025C 1453                   MOV.L       R5,@(12,R4)
    0000025E 8548                   MOV.W       @(16,R4),R0
    00000260 6603                   MOV         R0,R6
    00000262 666D                   EXTU.W      R6,R6
    00000264 6563                   MOV         R6,R5
    00000266 6753                   MOV         R5,R7
    00000268 27E9                   AND         R14,R7
    0000026A 4718                   SHLL8       R7
    0000026C 8548                   MOV.W       @(16,R4),R0
    0000026E 6603                   MOV         R0,R6
    00000270 666D                   EXTU.W      R6,R6
    00000272 6563                   MOV         R6,R5
    00000274 2529                   AND         R2,R5
    00000276 6653                   MOV         R5,R6
    00000278 666D                   EXTU.W      R6,R6
    0000027A 6563                   MOV         R6,R5
    0000027C 45DC                   SHAD        R13,R5
    0000027E 275B                   OR          R5,R7
    00000280 6573                   MOV         R7,R5
    00000282 6053                   MOV         R5,R0
    00000284 8148                   MOV.W       R0,@(16,R4)
    00000286 8549                   MOV.W       @(18,R4),R0
    00000288 6503                   MOV         R0,R5
    0000028A 655D                   EXTU.W      R5,R5
    0000028C 6753                   MOV         R5,R7
    0000028E 27E9                   AND         R14,R7
    00000290 4718                   SHLL8       R7
    00000292 8549                   MOV.W       @(18,R4),R0
    00000294 6603                   MOV         R0,R6
    00000296 666D                   EXTU.W      R6,R6
    00000298 6563                   MOV         R6,R5
    0000029A 2529                   AND         R2,R5
    0000029C 6653                   MOV         R5,R6
    0000029E 666D                   EXTU.W      R6,R6
    000002A0 6563                   MOV         R6,R5
    000002A2 45DC                   SHAD        R13,R5
    000002A4 275B                   OR          R5,R7
    000002A6 6573                   MOV         R7,R5
    000002A8 6053                   MOV         R5,R0
    000002AA 8149                   MOV.W       R0,@(18,R4)
    000002AC 5545                   MOV.L       @(20,R4),R5
    000002AE 67A3                   MOV         R10,R7
    000002B0 6653                   MOV         R5,R6
    000002B2 2679                   AND         R7,R6
    000002B4 4628                   SHLL16      R6
    000002B6 4618                   SHLL8       R6
    000002B8 5545                   MOV.L       @(20,R4),R5
    000002BA 67C3                   MOV         R12,R7
    000002BC 2579                   AND         R7,R5
    000002BE 4518                   SHLL8       R5
    000002C0 265B                   OR          R5,R6
    000002C2 6563                   MOV         R6,R5
    000002C4 5645                   MOV.L       @(20,R4),R6
    000002C6 67B3                   MOV         R11,R7
    000002C8 2679                   AND         R7,R6
    000002CA 4619                   SHLR8       R6
    000002CC 256B                   OR          R6,R5
    000002CE 5645                   MOV.L       @(20,R4),R6
    000002D0 2699                   AND         R9,R6
    000002D2 4629                   SHLR16      R6
    000002D4 4619                   SHLR8       R6
    000002D6 256B                   OR          R6,R5
    000002D8 1455                   MOV.L       R5,@(20,R4)
    000002DA 854C                   MOV.W       @(24,R4),R0
    000002DC 6603                   MOV         R0,R6
    000002DE 666D                   EXTU.W      R6,R6
    000002E0 6563                   MOV         R6,R5
    000002E2 6753                   MOV         R5,R7
    000002E4 27E9                   AND         R14,R7
    000002E6 4718                   SHLL8       R7
    000002E8 854C                   MOV.W       @(24,R4),R0
    000002EA 6503                   MOV         R0,R5
    000002EC 655D                   EXTU.W      R5,R5
    000002EE 6653                   MOV         R5,R6
    000002F0 6563                   MOV         R6,R5
    000002F2 2529                   AND         R2,R5
    000002F4 6653                   MOV         R5,R6
    000002F6 666D                   EXTU.W      R6,R6
    000002F8 6563                   MOV         R6,R5
    000002FA 45DC                   SHAD        R13,R5
    000002FC 275B                   OR          R5,R7
    000002FE 6573                   MOV         R7,R5
    00000300 6053                   MOV         R5,R0
    00000302 814C                   MOV.W       R0,@(24,R4)
    00000304 854D                   MOV.W       @(26,R4),R0
    00000306 6503                   MOV         R0,R5
    00000308 655D                   EXTU.W      R5,R5
    0000030A 6753                   MOV         R5,R7
    0000030C 27E9                   AND         R14,R7
    0000030E 4718                   SHLL8       R7
    00000310 854D                   MOV.W       @(26,R4),R0
    00000312 6603                   MOV         R0,R6
    00000314 666D                   EXTU.W      R6,R6
    00000316 6563                   MOV         R6,R5
    00000318 2529                   AND         R2,R5
    0000031A 6653                   MOV         R5,R6
    0000031C 666D                   EXTU.W      R6,R6
    0000031E 6563                   MOV         R6,R5
    00000320 45DC                   SHAD        R13,R5
    00000322 275B                   OR          R5,R7
    00000324 6573                   MOV         R7,R5
    00000326 6053                   MOV         R5,R0
    00000328 814D                   MOV.W       R0,@(26,R4)
    0000032A E200                   MOV         #0,R2      ; H'00000000
    0000032C E324                   MOV         #36,R3     ; H'00000024
    0000032E 3233                   CMP/GE      R3,R2
    00000330 8926                   BT          L22
    00000332              L23:
    00000332 6623                   MOV         R2,R6
    00000334 4600                   SHLL        R6
    00000336 6543                   MOV         R4,R5
    00000338 751C                   ADD         #28,R5
    0000033A 6063                   MOV         R6,R0
    0000033C 075D                   MOV.W       @(R0,R5),R7
    0000033E 677F                   EXTS.W      R7,R7
    00000340 930D                   MOV.W       L30,R3     ; H'00FF
    00000342 6573                   MOV         R7,R5
    00000344 2539                   AND         R3,R5
    00000346 4518                   SHLL8       R5
    00000348 6623                   MOV         R2,R6
    0000034A 4600                   SHLL        R6
    0000034C 6E43                   MOV         R4,R14
    0000034E 7E1C                   ADD         #28,R14
    00000350 6063                   MOV         R6,R0
    00000352 07ED                   MOV.W       @(R0,R14),R7
    00000354 677F                   EXTS.W      R7,R7
    00000356 D324                   MOV.L       L32+38,R3  ; H'0000FF00
    00000358 6673                   MOV         R7,R6
    0000035A A001                   BRA         L29
    0000035C 0009                   NOP
    0000035E              L30:
    0000035E 00FF                   .DATA.W     H'00FF
    00000360              L29:
    00000360 2639                   AND         R3,R6
    00000362 666D                   EXTU.W      R6,R6
    00000364 6763                   MOV         R6,R7
    00000366 E3F8                   MOV         #-8,R3     ; H'FFFFFFF8
    00000368 473C                   SHAD        R3,R7
    0000036A 257B                   OR          R7,R5
    0000036C 6623                   MOV         R2,R6
    0000036E 4600                   SHLL        R6
    00000370 6743                   MOV         R4,R7
    00000372 771C                   ADD         #28,R7
    00000374 6063                   MOV         R6,R0
    00000376 0755                   MOV.W       R5,@(R0,R7)
    00000378 7201                   ADD         #1,R2
    0000037A E324                   MOV         #36,R3     ; H'00000024
    0000037C 3233                   CMP/GE      R3,R2
    0000037E 8BD8                   BF          L23
    00000380              L22:
    00000380 E200                   MOV         #0,R2      ; H'00000000
    00000382 E324                   MOV         #36,R3     ; H'00000024
    00000384 3233                   CMP/GE      R3,R2
    00000386 893D                   BT          L24
    00000388              L25:
    00000388 6623                   MOV         R2,R6
    0000038A 4600                   SHLL        R6
    0000038C 6743                   MOV         R4,R7
    0000038E 7764                   ADD         #100,R7
    00000390 6063                   MOV         R6,R0
    00000392 057D                   MOV.W       @(R0,R7),R5
    00000394 655F                   EXTS.W      R5,R5
    00000396 9314                   MOV.W       L32,R3     ; H'00FF
    00000398 6653                   MOV         R5,R6
    0000039A 2639                   AND         R3,R6
    0000039C 4618                   SHLL8       R6
    0000039E 6523                   MOV         R2,R5
    000003A0 4500                   SHLL        R5
    000003A2 6743                   MOV         R4,R7
    000003A4 7764                   ADD         #100,R7
    000003A6 6053                   MOV         R5,R0
    000003A8 0E7D                   MOV.W       @(R0,R7),R14
    000003AA 6EEF                   EXTS.W      R14,R14
    000003AC D30E                   MOV.L       L32+38,R3  ; H'0000FF00
    000003AE 65E3                   MOV         R14,R5
    000003B0 2539                   AND         R3,R5
    000003B2 655D                   EXTU.W      R5,R5
    000003B4 E3F8                   MOV         #-8,R3     ; H'FFFFFFF8
    000003B6 453C                   SHAD        R3,R5
    000003B8 265B                   OR          R5,R6
    000003BA 6523                   MOV         R2,R5
    000003BC 4500                   SHLL        R5
    000003BE A019                   BRA         L31
    000003C0 0009                   NOP
    000003C2              L32:
    000003C2 00FF                   .DATA.W     H'00FF
    000003C4 <00000000>             .DATA.L     _memcpy
    000003C8 <00000000>             .DATA.L     _dad_dpm_write
    000003CC <00000000>             .DATA.L     _wai_init_boot_flg
    000003D0 <00000000>             .DATA.L     __iob
    000003D4 <00000000>             .DATA.L     L34
    000003D8 <00000000>             .DATA.L     L35
    000003DC <00000000>             .DATA.L     _fprintf
    000003E0 <00000000>             .DATA.L     _abort
    000003E4 <00000000>             .DATA.L     _dad_dpm_read
    000003E8 0000FF00               .DATA.L     H'0000FF00
    000003EC 00FF0000               .DATA.L     H'00FF0000
    000003F0 FF000000               .DATA.L     H'FF000000
    000003F4              L31:
    000003F4 6743                   MOV         R4,R7
    000003F6 7764                   ADD         #100,R7
    000003F8 6053                   MOV         R5,R0
    000003FA 0765                   MOV.W       R6,@(R0,R7)
    000003FC 7201                   ADD         #1,R2
    000003FE E324                   MOV         #36,R3     ; H'00000024
    00000400 3233                   CMP/GE      R3,R2
    00000402 8BC1                   BF          L25
    00000404              L24:
    00000404 7F04                   ADD         #4,R15
    00000406 6EF6                   MOV.L       @R15+,R14
    00000408 6DF6                   MOV.L       @R15+,R13
    0000040A 6CF6                   MOV.L       @R15+,R12
    0000040C 6BF6                   MOV.L       @R15+,R11
    0000040E 6AF6                   MOV.L       @R15+,R10
    00000410 69F6                   MOV.L       @R15+,R9
    00000412 000B                   RTS
    00000414 0009                   NOP
    00000416              __$chg_ul_aft_read:              ; function: __$chg_ul_aft_read
                                                           ; frame size=0
    00000416 6641                   MOV.W       @R4,R6
    00000418 666F                   EXTS.W      R6,R6
    0000041A 9722                   MOV.W       L33,R7     ; H'00FF
    0000041C 6263                   MOV         R6,R2
    0000041E 2279                   AND         R7,R2
    00000420 4218                   SHLL8       R2
    00000422 6641                   MOV.W       @R4,R6
    00000424 666F                   EXTS.W      R6,R6
    00000426 D30F                   MOV.L       L33+2,R3   ; H'0000FF00
    00000428 6563                   MOV         R6,R5
    0000042A 2539                   AND         R3,R5
    0000042C 655D                   EXTU.W      R5,R5
    0000042E 6653                   MOV         R5,R6
    00000430 E3F8                   MOV         #-8,R3     ; H'FFFFFFF8
    00000432 463C                   SHAD        R3,R6
    00000434 226B                   OR          R6,R2
    00000436 2421                   MOV.W       R2,@R4
    00000438 8541                   MOV.W       @(2,R4),R0
    0000043A 6603                   MOV         R0,R6
    0000043C 666F                   EXTS.W      R6,R6
    0000043E 6263                   MOV         R6,R2
    00000440 2279                   AND         R7,R2
    00000442 4218                   SHLL8       R2
    00000444 8541                   MOV.W       @(2,R4),R0
    00000446 6603                   MOV         R0,R6
    00000448 D306                   MOV.L       L33+2,R3   ; H'0000FF00
    0000044A 666F                   EXTS.W      R6,R6
    0000044C 6563                   MOV         R6,R5
    0000044E 2539                   AND         R3,R5
    00000450 655D                   EXTU.W      R5,R5
    00000452 6653                   MOV         R5,R6
    00000454 E3F8                   MOV         #-8,R3     ; H'FFFFFFF8
    00000456 463C                   SHAD        R3,R6
    00000458 226B                   OR          R6,R2
    0000045A 6023                   MOV         R2,R0
    0000045C 8141                   MOV.W       R0,@(2,R4)
    0000045E 000B                   RTS
    00000460 0009                   NOP
    00000462              L33:
    00000462 00FF                   .DATA.W     H'00FF
    00000464 0000FF00               .DATA.L     H'0000FF00
C   00000000              L34:
    00000000 4153534552             .SDATA      "ASSERTION FAILED: !err FILE %s,LINE %d "
             54494F4E20   
             4641494C45   
             443A202165   
             7272204649   
             4C45202573   
             2C4C494E45   
             20256420     
    00000027 0A00                   .DATA.B     H'0A,H'00
    00000029 00                     .DATAB.B    3,0
    0000002C              L35:
    0000002C 646164626F             .SDATA      "dadbot2.c"
             74322E63     
    00000035 00                     .DATA.B     H'00
SH SERIES C/C++ Compiler (Ver. checker(2003.03.17))                                              10-Nov-2011 18:53:51  PAGE    1


******** STATISTICS INFORMATION ********


********** ERROR INFORMATION ***********

NUMBER OF ERRORS:           0
NUMBER OF WARNINGS:         0
NUMBER OF INFORMATIONS:     0



******* SOURCE LINE INFORMATION ********

COMPILED SOURCE LINE:      172



******* SECTION SIZE INFORMATION *******

PROGRAM  SECTION (P):                               00000468 Byte(s)
CONSTANT SECTION (C):                               00000036 Byte(s)
DATA     SECTION (D):                               00000000 Byte(s)
BSS      SECTION (B):                               00000000 Byte(s)

TOTAL PROGRAM  SECTION: 00000468 Byte(s)
TOTAL CONSTANT SECTION: 00000036 Byte(s)
TOTAL DATA     SECTION: 00000000 Byte(s)
TOTAL BSS      SECTION: 00000000 Byte(s)

    TOTAL PROGRAM SIZE: 0000049E Byte(s)



********** LABEL INFORMATION ***********

NUMBER OF EXTERNAL REFERENCE SYMBOLS:            7
NUMBER OF EXTERNAL DEFINITION SYMBOLS:           1
NUMBER OF INTERNAL/EXTERNAL SYMBOLS:            26
*** COMMAND PARAMETER ***


  -cpu=sh3 -op=0 -en=big -me -debug -comment=nest -l -def=DEBUG,MAS_P5554,MAS_BIG_ENDIAN -i=P:\PRESTO2\SHINC,C:\usr\local\SH\7_1_1\include,P:\PRESTO2\NORTI_12\inc dadbot2.c 

