SH SERIES C/C++ Compiler (Ver. checker(2003.03.17))                                              16-Nov-2009 12:33:54  PAGE    1

************ OBJECT LISTING ************

FILE NAME: prr0106.c

SCT OFFSET   CODE       C LABEL     INSTRUCTION OPERAND    COMMENT

P   00000000              _pr_print_archive_parm:          ; function: pr_print_archive_parm
                                                           ; frame size=12
    00000000 2FE6                   MOV.L       R14,@-R15
    00000002 4F22                   STS.L       PR,@-R15
    00000004 7FFC                   ADD         #-4,R15
    00000006 6E53                   MOV         R5,R14
    00000008 6243                   MOV         R4,R2
    0000000A 2F22                   MOV.L       R2,@R15
    0000000C 66E0                   MOV.B       @R14,R6
    0000000E 646C                   EXTU.B      R6,R4
    00000010 6523                   MOV         R2,R5
    00000012 7505                   ADD         #5,R5
    00000014 644C                   EXTU.B      R4,R4
    00000016 D311                   MOV.L       L18,R3     ; _ctoh
    00000018 430B                   JSR         @R3
    0000001A 0009                   NOP
    0000001C 56E1                   MOV.L       @(4,R14),R6
    0000001E E309                   MOV         #9,R3      ; H'00000009
    00000020 3637                   CMP/GT      R3,R6
    00000022 8B03                   BF          L12
    00000024 56E1                   MOV.L       @(4,R14),R6
    00000026 7637                   ADD         #55,R6
    00000028 A002                   BRA         L13
    0000002A 0009                   NOP
    0000002C              L12:
    0000002C 56E1                   MOV.L       @(4,R14),R6
    0000002E 7630                   ADD         #48,R6
    00000030              L13:
    00000030 62F2                   MOV.L       @R15,R2
    00000032 6063                   MOV         R6,R0
    00000034 8027                   MOV.B       R0,@(7,R2)
    00000036 56E2                   MOV.L       @(8,R14),R6
    00000038 E309                   MOV         #9,R3      ; H'00000009
    0000003A 3637                   CMP/GT      R3,R6
    0000003C 8B03                   BF          L15
    0000003E 56E2                   MOV.L       @(8,R14),R6
    00000040 7637                   ADD         #55,R6
    00000042 A002                   BRA         L16
    00000044 0009                   NOP
    00000046              L15:
    00000046 56E2                   MOV.L       @(8,R14),R6
    00000048 7630                   ADD         #48,R6
    0000004A              L16:
    0000004A 6063                   MOV         R6,R0
    0000004C 8028                   MOV.B       R0,@(8,R2)
    0000004E 7209                   ADD         #9,R2
    00000050 6023                   MOV         R2,R0
    00000052 7F04                   ADD         #4,R15
    00000054 4F26                   LDS.L       @R15+,PR
    00000056 6EF6                   MOV.L       @R15+,R14
    00000058 000B                   RTS
    0000005A 0009                   NOP
    0000005C              L18:
    0000005C <00000000>             .DATA.L     _ctoh
SH SERIES C/C++ Compiler (Ver. checker(2003.03.17))                                              16-Nov-2009 12:33:54  PAGE    1


******** STATISTICS INFORMATION ********


********** ERROR INFORMATION ***********

NUMBER OF ERRORS:           0
NUMBER OF WARNINGS:         0
NUMBER OF INFORMATIONS:     0



******* SOURCE LINE INFORMATION ********

COMPILED SOURCE LINE:       54



******* SECTION SIZE INFORMATION *******

PROGRAM  SECTION (P):                               00000060 Byte(s)
CONSTANT SECTION (C):                               00000000 Byte(s)
DATA     SECTION (D):                               00000000 Byte(s)
BSS      SECTION (B):                               00000000 Byte(s)

TOTAL PROGRAM  SECTION: 00000060 Byte(s)
TOTAL CONSTANT SECTION: 00000000 Byte(s)
TOTAL DATA     SECTION: 00000000 Byte(s)
TOTAL BSS      SECTION: 00000000 Byte(s)

    TOTAL PROGRAM SIZE: 00000060 Byte(s)



********** LABEL INFORMATION ***********

NUMBER OF EXTERNAL REFERENCE SYMBOLS:            1
NUMBER OF EXTERNAL DEFINITION SYMBOLS:           1
NUMBER OF INTERNAL/EXTERNAL SYMBOLS:             7
*** COMMAND PARAMETER ***


  -cpu=sh3 -op=0 -en=big -me -debug -comment=nest -l -def=DEBUG -i=P:\PRESTO2\SHINC,C:\usr\local\SH\7_1_1\include,P:\PRESTO2\NORTI_12\inc prr0106.c 

